// Jest Snapshot v1, https://goo.gl/fbAQLP

exports[`Component App Component App rendered correctly 1`] = `
"<Fragment>
  <Header />
  <Switch>
    <Route path=\\"/\\" exact={true} render={[Function: render]} />
    <Route path=\\"/login\\" render={[Function: render]} />
    <Route path=\\"/pricing\\" render={[Function: render]} />
    <Route path=\\"/contact\\" render={[Function: render]} />
    <Route path=\\"/info\\" render={[Function: render]} />
    <Route path=\\"/extension\\" render={[Function: render]} />
    <Route component={[Function: NoPage]} />
  </Switch>
  <Footer />
  <Popup />
</Fragment>"
`;
